Added Component: Designator=JC3(ASP-134604-01)
Add component (AddParameter): Name = "Company P/N"; Value = "JC-000046"; VariantName = "[No Variations]"
Add component (AddParameter): Name = "Manufacturer Name 1"; Value = "Samtec Inc."; VariantName = "[No Variations]"
Add component (AddParameter): Name = "Manufacturer P/N 1"; Value = "ASP-134604-01"; VariantName = "[No Variations]"
Add component (AddParameter): Name = "Pin Count"; Value = "160"; VariantName = "[No Variations]"
Add component (AddParameter): Name = "Price @ 1k"; Value = "14"; VariantName = "[No Variations]"
Added Pin To Net: NetName=GND Pin=JC3-C1
Added Pin To Net: NetName=Net_1_P Pin=JC3-C2
Added Pin To Net: NetName=Net_1_N Pin=JC3-C3
Added Pin To Net: NetName=GND Pin=JC3-C4
Added Pin To Net: NetName=GND Pin=JC3-C5
Added Pin To Net: NetName=Net_2_P Pin=JC3-C6
Added Pin To Net: NetName=Net_2_N Pin=JC3-C7
Added Pin To Net: NetName=GND Pin=JC3-C8
Added Pin To Net: NetName=GND Pin=JC3-C9
Added Pin To Net: NetName=LA06_P Pin=JC3-C10
Added Pin To Net: NetName=LA06_N Pin=JC3-C11
Added Pin To Net: NetName=GND Pin=JC3-C12
Added Pin To Net: NetName=GND Pin=JC3-C13
Added Pin To Net: NetName=LA10_P Pin=JC3-C14
Added Pin To Net: NetName=LA10_N Pin=JC3-C15
Added Pin To Net: NetName=GND Pin=JC3-C16
Added Pin To Net: NetName=GND Pin=JC3-C17
Added Pin To Net: NetName=LA14_P Pin=JC3-C18
Added Pin To Net: NetName=LA14_N Pin=JC3-C19
Added Pin To Net: NetName=GND Pin=JC3-C20
Added Pin To Net: NetName=GND Pin=JC3-C21
Added Pin To Net: NetName=LA18_CC_P Pin=JC3-C22
Added Pin To Net: NetName=LA18_CC_N Pin=JC3-C23
Added Pin To Net: NetName=GND Pin=JC3-C24
Added Pin To Net: NetName=GND Pin=JC3-C25
Added Pin To Net: NetName=LA27_P Pin=JC3-C26
Added Pin To Net: NetName=LA27_N Pin=JC3-C27
Added Pin To Net: NetName=GND Pin=JC3-C28
Added Pin To Net: NetName=GND Pin=JC3-C29
Added Pin To Net: NetName=SCL Pin=JC3-C30
Added Pin To Net: NetName=SDA Pin=JC3-C31
Added Pin To Net: NetName=GND Pin=JC3-C32
Added Pin To Net: NetName=GND Pin=JC3-C33
Added Pin To Net: NetName=A0 Pin=JC3-C34
Added Pin To Net: NetName=12V0 Pin=JC3-C35
Added Pin To Net: NetName=GND Pin=JC3-C36
Added Pin To Net: NetName=12V0 Pin=JC3-C37
Added Pin To Net: NetName=GND Pin=JC3-C38
Added Pin To Net: NetName=3V3 Pin=JC3-C39
Added Pin To Net: NetName=GND Pin=JC3-C40
Added Pin To Net: NetName=PG_C2M Pin=JC3-D1
Added Pin To Net: NetName=GND Pin=JC3-D2
Added Pin To Net: NetName=GND Pin=JC3-D3
Added Pin To Net: NetName=NET_3_GBTCLK0_P Pin=JC3-D4
Added Pin To Net: NetName=NET_3_GBTCLK0_N Pin=JC3-D5
Added Pin To Net: NetName=GND Pin=JC3-D6
Added Pin To Net: NetName=GND Pin=JC3-D7
Added Pin To Net: NetName=LA01_CC_P Pin=JC3-D8
Added Pin To Net: NetName=LA01_CC_N Pin=JC3-D9
Added Pin To Net: NetName=GND Pin=JC3-D10
Added Pin To Net: NetName=LA05_P Pin=JC3-D11
Added Pin To Net: NetName=LA05_N Pin=JC3-D12
Added Pin To Net: NetName=GND Pin=JC3-D13
Added Pin To Net: NetName=LA09_P Pin=JC3-D14
Added Pin To Net: NetName=LA09_N Pin=JC3-D15
Added Pin To Net: NetName=GND Pin=JC3-D16
Added Pin To Net: NetName=LA13_P Pin=JC3-D17
Added Pin To Net: NetName=LA13_N Pin=JC3-D18
Added Pin To Net: NetName=GND Pin=JC3-D19
Added Pin To Net: NetName=LA17_CC_P Pin=JC3-D20
Added Pin To Net: NetName=LA17_CC_N Pin=JC3-D21
Added Pin To Net: NetName=GND Pin=JC3-D22
Added Pin To Net: NetName=LA23_P Pin=JC3-D23
Added Pin To Net: NetName=LA23_N Pin=JC3-D24
Added Pin To Net: NetName=GND Pin=JC3-D25
Added Pin To Net: NetName=LA26_P Pin=JC3-D26
Added Pin To Net: NetName=LA26_N Pin=JC3-D27
Added Pin To Net: NetName=GND Pin=JC3-D28
Added Pin To Net: NetName=TCK Pin=JC3-D29
Added Pin To Net: NetName=TDI Pin=JC3-D30
Added Pin To Net: NetName=TDO Pin=JC3-D31
Added Pin To Net: NetName=3V3 Pin=JC3-D32
Added Pin To Net: NetName=TMS Pin=JC3-D33
Added Pin To Net: NetName=TRST_L Pin=JC3-D34
Added Pin To Net: NetName=A1 Pin=JC3-D35
Added Pin To Net: NetName=3V3 Pin=JC3-D36
Added Pin To Net: NetName=GND Pin=JC3-D37
Added Pin To Net: NetName=3V3 Pin=JC3-D38
Added Pin To Net: NetName=GND Pin=JC3-D39
Added Pin To Net: NetName=3V3 Pin=JC3-D40
Added Pin To Net: NetName=GND Pin=JC3-G1
Added Pin To Net: NetName=GND Pin=JC3-G4
Added Pin To Net: NetName=GND Pin=JC3-G5
Added Pin To Net: NetName=LA00_CC_P Pin=JC3-G6
Added Pin To Net: NetName=LA00_CC_N Pin=JC3-G7
Added Pin To Net: NetName=GND Pin=JC3-G8
Added Pin To Net: NetName=LA03_P Pin=JC3-G9
Added Pin To Net: NetName=LA03_N Pin=JC3-G10
Added Pin To Net: NetName=GND Pin=JC3-G11
Added Pin To Net: NetName=LA08_P Pin=JC3-G12
Added Pin To Net: NetName=LA08_N Pin=JC3-G13
Added Pin To Net: NetName=GND Pin=JC3-G14
Added Pin To Net: NetName=LA12_P Pin=JC3-G15
Added Pin To Net: NetName=LA12_N Pin=JC3-G16
Added Pin To Net: NetName=GND Pin=JC3-G17
Added Pin To Net: NetName=LA16_P Pin=JC3-G18
Added Pin To Net: NetName=LA16_N Pin=JC3-G19
Added Pin To Net: NetName=GND Pin=JC3-G20
Added Pin To Net: NetName=LA20_P Pin=JC3-G21
Added Pin To Net: NetName=LA20_N Pin=JC3-G22
Added Pin To Net: NetName=GND Pin=JC3-G23
Added Pin To Net: NetName=LA22_P Pin=JC3-G24
Added Pin To Net: NetName=LA22_N Pin=JC3-G25
Added Pin To Net: NetName=GND Pin=JC3-G26
Added Pin To Net: NetName=LA25_P Pin=JC3-G27
Added Pin To Net: NetName=LA25_N Pin=JC3-G28
Added Pin To Net: NetName=GND Pin=JC3-G29
Added Pin To Net: NetName=LA29_P Pin=JC3-G30
Added Pin To Net: NetName=LA29_N Pin=JC3-G31
Added Pin To Net: NetName=GND Pin=JC3-G32
Added Pin To Net: NetName=LA31_P Pin=JC3-G33
Added Pin To Net: NetName=LA31_N Pin=JC3-G34
Added Pin To Net: NetName=GND Pin=JC3-G35
Added Pin To Net: NetName=LA33_P Pin=JC3-G36
Added Pin To Net: NetName=LA33_N Pin=JC3-G37
Added Pin To Net: NetName=GND Pin=JC3-G38
Added Pin To Net: NetName=VDD_ADJ Pin=JC3-G39
Added Pin To Net: NetName=GND Pin=JC3-G40
Added Pin To Net: NetName=VREF_A_M2C_H1 Pin=JC3-H1
Added Pin To Net: NetName=PRSNT_M2C_H2 Pin=JC3-H2
Added Pin To Net: NetName=GND Pin=JC3-H3
Added Pin To Net: NetName=GND Pin=JC3-H6
Added Pin To Net: NetName=LA02_P Pin=JC3-H7
Added Pin To Net: NetName=LA02_N Pin=JC3-H8
Added Pin To Net: NetName=GND Pin=JC3-H9
Added Pin To Net: NetName=LA04_P Pin=JC3-H10
Added Pin To Net: NetName=LA04_N Pin=JC3-H11
Added Pin To Net: NetName=GND Pin=JC3-H12
Added Pin To Net: NetName=LA07_P Pin=JC3-H13
Added Pin To Net: NetName=LA07_N Pin=JC3-H14
Added Pin To Net: NetName=GND Pin=JC3-H15
Added Pin To Net: NetName=LA11_P Pin=JC3-H16
Added Pin To Net: NetName=LA11_N Pin=JC3-H17
Added Pin To Net: NetName=GND Pin=JC3-H18
Added Pin To Net: NetName=LA15_P Pin=JC3-H19
Added Pin To Net: NetName=LA15_N Pin=JC3-H20
Added Pin To Net: NetName=GND Pin=JC3-H21
Added Pin To Net: NetName=LA19_P Pin=JC3-H22
Added Pin To Net: NetName=LA19_N Pin=JC3-H23
Added Pin To Net: NetName=GND Pin=JC3-H24
Added Pin To Net: NetName=LA21_P Pin=JC3-H25
Added Pin To Net: NetName=LA21_N Pin=JC3-H26
Added Pin To Net: NetName=GND Pin=JC3-H27
Added Pin To Net: NetName=LA24_P Pin=JC3-H28
Added Pin To Net: NetName=LA24_N Pin=JC3-H29
Added Pin To Net: NetName=GND Pin=JC3-H30
Added Pin To Net: NetName=LA28_P Pin=JC3-H31
Added Pin To Net: NetName=LA28_N Pin=JC3-H32
Added Pin To Net: NetName=GND Pin=JC3-H33
Added Pin To Net: NetName=LA30_P Pin=JC3-H34
Added Pin To Net: NetName=LA30_N Pin=JC3-H35
Added Pin To Net: NetName=GND Pin=JC3-H36
Added Pin To Net: NetName=LA32_P Pin=JC3-H37
Added Pin To Net: NetName=LA32_N Pin=JC3-H38
Added Pin To Net: NetName=GND Pin=JC3-H39
Added Pin To Net: NetName=VDD_ADJ Pin=JC3-H40
Added Member To Class: ClassName=FMC_Main Member=Component JC3 ASP-134604-01
