Change Component Designator: OldDesignator=JC? NewDesignator=JC7
Added Pin To Net: NetName=LA09_P Pin=JC7-1
Added Pin To Net: NetName=GND Pin=JC7-2
Added Pin To Net: NetName=LA06_P Pin=JC7-5
Added Pin To Net: NetName=LA06_N Pin=JC7-6
Added Pin To Net: NetName=LA10_P Pin=JC7-7
Added Pin To Net: NetName=LA10_N Pin=JC7-9
Added Pin To Net: NetName=LA14_P Pin=JC7-11
Added Pin To Net: NetName=LA14_N Pin=JC7-12
Added Pin To Net: NetName=LA27_P Pin=JC7-15
Added Pin To Net: NetName=LA05_P Pin=JC7-16
Added Pin To Net: NetName=LA27_N Pin=JC7-17
Added Pin To Net: NetName=LA05_N Pin=JC7-18
Added Pin To Net: NetName=GND Pin=JC7-19
Added Pin To Net: NetName=3V3 Pin=JC7-20
Added Differential Pair: Name=LA00_CC
Added Rule: Name=Schematic Width Constraint_16
Added Rule: Name=Schematic Width Constraint_17
Added Rule: Name=Schematic Width Constraint_18
Added Rule: Name=Schematic Width Constraint_19
Added Rule: Name=Schematic Width Constraint_20
Added Rule: Name=Schematic Width Constraint_21
Added Rule: Name=Schematic Width Constraint_22
Added Rule: Name=Schematic Width Constraint_23
Added Rule: Name=Schematic Width Constraint_24
Added Rule: Name=Schematic Width Constraint_25
Added Rule: Name=Schematic Width Constraint_26
Added Rule: Name=Schematic Width Constraint_27
Added Rule: Name=Schematic Width Constraint_28
Added Rule: Name=Schematic Width Constraint_29
Added Rule: Name=Schematic Width Constraint_30
Added Rule: Name=Schematic Width Constraint_31
Added Rule: Name=Schematic Width Constraint_32
Added Rule: Name=Schematic Width Constraint_33
Added Rule: Name=Schematic Width Constraint_34
Added Rule: Name=Schematic Width Constraint_35
Added Rule: Name=Schematic Width Constraint_36
Added Rule: Name=Schematic Width Constraint_37
Added Rule: Name=Schematic Width Constraint_38
Added Rule: Name=Schematic Width Constraint_39
Added Rule: Name=Schematic Width Constraint_40
Added Rule: Name=Schematic Width Constraint_41
Added Rule: Name=Schematic Width Constraint_42
Added Rule: Name=Schematic Width Constraint_43
Added Rule: Name=Schematic Width Constraint_44
Added Rule: Name=Schematic Width Constraint_45
Added Rule: Name=Schematic Width Constraint_46
Added Rule: Name=Schematic Width Constraint_47
Added Rule: Name=Schematic Width Constraint_48
Added Rule: Name=Schematic Width Constraint_49
Added Rule: Name=Schematic Width Constraint_50
Added Rule: Name=Schematic Width Constraint_51
Added Rule: Name=Schematic Width Constraint_52
Added Rule: Name=Schematic Width Constraint_53
Added Rule: Name=Schematic Width Constraint_54
Added Rule: Name=Schematic Width Constraint_55
Added Rule: Name=Schematic Width Constraint_56
Added Rule: Name=Schematic Width Constraint_57
Added Rule: Name=Schematic Width Constraint_58
Added Rule: Name=Schematic Width Constraint_59
Added Rule: Name=Schematic Width Constraint_60
Added Rule: Name=Schematic Width Constraint_61
Added Rule: Name=Schematic Width Constraint_62
Added Rule: Name=Schematic Width Constraint_63
Added Rule: Name=Schematic Width Constraint_64
Added Rule: Name=Schematic Width Constraint_65
Added Rule: Name=Schematic Width Constraint_66
Added Rule: Name=Schematic Width Constraint_67
Added Rule: Name=Schematic Width Constraint_68
Added Rule: Name=Schematic Width Constraint_69
Added Rule: Name=Schematic Width Constraint_70
Added Rule: Name=Schematic Width Constraint_71
Added Rule: Name=Schematic Width Constraint_72
Added Rule: Name=Schematic Width Constraint_73
Added Rule: Name=Schematic Width Constraint_74
Added Rule: Name=Schematic Width Constraint_75
Added Rule: Name=Schematic Width Constraint_76
Added Rule: Name=Schematic Width Constraint_77
Added Rule: Name=Schematic Width Constraint_78
Added Rule: Name=Schematic Width Constraint_79
Added Rule: Name=Schematic Width Constraint_80
Added Rule: Name=Schematic Width Constraint_81
Added Rule: Name=Schematic Width Constraint_82
Added Rule: Name=Schematic Width Constraint_83
Added Rule: Name=Schematic Width Constraint_84
Added Rule: Name=Schematic Width Constraint_85
Added Rule: Name=Schematic Width Constraint_86
Added Rule: Name=Schematic Width Constraint_87
Added Rule: Name=Schematic Width Constraint_88
Added Rule: Name=Schematic Width Constraint_89
