Removed Pin From Net: NetName=3V3 Pin=JC?-C35
Removed Pin From Net: NetName=3V3 Pin=JC?-C37
Removed Pin From Net: NetName=3V3 Pin=JC?-C39
Removed Pin From Net: NetName=3V3 Pin=JC?-D32
Removed Pin From Net: NetName=3V3 Pin=JC?-D36
Removed Pin From Net: NetName=3V3 Pin=JC?-D38
Removed Pin From Net: NetName=3V3 Pin=JC?-D40
Removed Member From Class: ClassName=FMC_Main Member=JC?
Change Component Designator: OldDesignator=JC? NewDesignator=JC1
Change Component Designator: OldDesignator=JC? NewDesignator=JC2
Change Component Designator: OldDesignator=JC? NewDesignator=JC3
Added Component: Designator=C1(CAP0402_N)
Add component (AddParameter): Name = "Company P/N"; Value = "CC-000021"; VariantName = "[No Variations]"
Add component (AddParameter): Name = "Manufacturer Name 1"; Value = "Yageo"; VariantName = "[No Variations]"
Add component (AddParameter): Name = "Manufacturer Name 2"; Value = "AVX"; VariantName = "[No Variations]"
Add component (AddParameter): Name = "Manufacturer P/N 1"; Value = "CC0402JRX7R7BB104"; VariantName = "[No Variations]"
Add component (AddParameter): Name = "Manufacturer P/N 2"; Value = "0402YC104JAT2A"; VariantName = "[No Variations]"
Add component (AddParameter): Name = "Operating Temperature"; Value = "-55°C ~ 125°C"; VariantName = "[No Variations]"
Add component (AddParameter): Name = "Price @ 1k"; Value = "0.004"; VariantName = "[No Variations]"
Add component (AddParameter): Name = "Status"; Value = "ACTIVE"; VariantName = "[No Variations]"
Add component (AddParameter): Name = "Temperature Coefficient"; Value = "X7R"; VariantName = "[No Variations]"
Add component (AddParameter): Name = "Tolerance"; Value = "±5%"; VariantName = "[No Variations]"
Add component (AddParameter): Name = "Value"; Value = "100nF"; VariantName = "[No Variations]"
Add component (AddParameter): Name = "Voltage"; Value = "16V"; VariantName = "[No Variations]"
Added Component: Designator=R1(RES0402_N)
Add component (AddParameter): Name = "Company P/N"; Value = "RC-000035"; VariantName = "[No Variations]"
Add component (AddParameter): Name = "Manufacturer Name 1"; Value = "Stackpole Electronics Inc"; VariantName = "[No Variations]"
Add component (AddParameter): Name = "Manufacturer Name 2"; Value = "Yageo"; VariantName = "[No Variations]"
Add component (AddParameter): Name = "Manufacturer P/N 1"; Value = "RMCF0402FT3K30"; VariantName = "[No Variations]"
Add component (AddParameter): Name = "Manufacturer P/N 2"; Value = "AF0402FR-073K3L"; VariantName = "[No Variations]"
Add component (AddParameter): Name = "Operating Temperature"; Value = "-55°C ~ 155°C"; VariantName = "[No Variations]"
Add component (AddParameter): Name = "Power"; Value = "1/16W"; VariantName = "[No Variations]"
Add component (AddParameter): Name = "Price @ 1k"; Value = "0.002"; VariantName = "[No Variations]"
Add component (AddParameter): Name = "Status"; Value = "ACTIVE"; VariantName = "[No Variations]"
Add component (AddParameter): Name = "Tolerance"; Value = "1%"; VariantName = "[No Variations]"
Add component (AddParameter): Name = "Value"; Value = "3.3K"; VariantName = "[No Variations]"
Added Component: Designator=R2(RES0402_N)
Add component (AddParameter): Name = "Company P/N"; Value = "RC-000035"; VariantName = "[No Variations]"
Add component (AddParameter): Name = "Manufacturer Name 1"; Value = "Stackpole Electronics Inc"; VariantName = "[No Variations]"
Add component (AddParameter): Name = "Manufacturer Name 2"; Value = "Yageo"; VariantName = "[No Variations]"
Add component (AddParameter): Name = "Manufacturer P/N 1"; Value = "RMCF0402FT3K30"; VariantName = "[No Variations]"
Add component (AddParameter): Name = "Manufacturer P/N 2"; Value = "AF0402FR-073K3L"; VariantName = "[No Variations]"
Add component (AddParameter): Name = "Operating Temperature"; Value = "-55°C ~ 155°C"; VariantName = "[No Variations]"
Add component (AddParameter): Name = "Power"; Value = "1/16W"; VariantName = "[No Variations]"
Add component (AddParameter): Name = "Price @ 1k"; Value = "0.002"; VariantName = "[No Variations]"
Add component (AddParameter): Name = "Status"; Value = "ACTIVE"; VariantName = "[No Variations]"
Add component (AddParameter): Name = "Tolerance"; Value = "1%"; VariantName = "[No Variations]"
Add component (AddParameter): Name = "Value"; Value = "3.3K"; VariantName = "[No Variations]"
Added Pin To Net: NetName=3V3 Pin=C1-1
Add Pin To Net: Unknown Pin: Pin IC1-3
Add Pin To Net: Unknown Pin: Pin IC1-4
Add Pin To Net: Unknown Pin: Pin IC1-7
Change Net Name : Old Net Name=3V3 New Net Name=GND
Added Pin To Net: NetName=3V3 Pin=C1-2
Added Pin To Net: NetName=3V3 Pin=JC3-C39
Added Pin To Net: NetName=3V3 Pin=JC3-D32
Added Pin To Net: NetName=3V3 Pin=JC3-D36
Added Pin To Net: NetName=3V3 Pin=JC3-D38
Added Pin To Net: NetName=3V3 Pin=JC3-D40
Added Pin To Net: NetName=3V3 Pin=R1-2
Added Pin To Net: NetName=3V3 Pin=R2-2
Added Net: Name=3V3
Added Pin To Net: NetName=12V0 Pin=JC3-C35
Added Pin To Net: NetName=12V0 Pin=JC3-C37
Added Net: Name=12V0
Added Pin To Net: NetName=A0 Pin=JC3-C34
Added Net: Name=A0
Added Pin To Net: NetName=A1 Pin=JC3-D35
Added Net: Name=A1
Added Pin To Net: NetName=Net_1_N Pin=JC3-C3
Added Net: Name=Net_1_N
Added Pin To Net: NetName=Net_1_P Pin=JC3-C2
Added Net: Name=Net_1_P
Added Pin To Net: NetName=SCL Pin=JC3-C30
Added Pin To Net: NetName=SCL Pin=R1-1
Added Net: Name=SCL
Added Pin To Net: NetName=SDA Pin=JC3-C31
Added Pin To Net: NetName=SDA Pin=R2-1
Added Net: Name=SDA
Added Differential Pair: Name=Net_1
Added Member To Class: ClassName=FMC_Main Member=Component C1 CAPCER
Add Class Member: Failed to add class member : Component IC1 24LC02B-IMS
Added Member To Class: ClassName=FMC_Main Member=Component JC1 FTSH-140-01-L-DV
Added Member To Class: ClassName=FMC_Main Member=Component JC2 FTSH-140-01-L-DV
Added Member To Class: ClassName=FMC_Main Member=Component JC3 ASP-134604-01
Added Member To Class: ClassName=FMC_Main Member=Component R1 RES
Added Member To Class: ClassName=FMC_Main Member=Component R2 RES
Added Rule: Name=Schematic Supply Nets_2
Added Rule: Name=Schematic Supply Nets_3
