Removed Pin From Net: NetName=GND Pin=JC1-1
Removed Pin From Net: NetName=VREF_A_M2C_H1 Pin=JC1-2
Removed Pin From Net: NetName=PRSNT_M2C_H2 Pin=JC1-4
Removed Pin From Net: NetName=GND Pin=JC1-6
Removed Pin From Net: NetName=GND Pin=JC1-7
Removed Pin From Net: NetName=GND Pin=JC1-9
Removed Pin From Net: NetName=LA00_CC_P Pin=JC1-11
Removed Pin From Net: NetName=GND Pin=JC1-12
Removed Pin From Net: NetName=LA00_CC_N Pin=JC1-13
Removed Pin From Net: NetName=LA02_P Pin=JC1-14
Removed Pin From Net: NetName=GND Pin=JC1-15
Removed Pin From Net: NetName=LA02_N Pin=JC1-16
Removed Pin From Net: NetName=LA03_P Pin=JC1-17
Removed Pin From Net: NetName=GND Pin=JC1-18
Removed Pin From Net: NetName=LA03_N Pin=JC1-19
Removed Pin From Net: NetName=LA04_P Pin=JC1-20
Removed Pin From Net: NetName=GND Pin=JC1-21
Removed Pin From Net: NetName=LA04_N Pin=JC1-22
Removed Pin From Net: NetName=LA08_P Pin=JC1-23
Removed Pin From Net: NetName=GND Pin=JC1-24
Removed Pin From Net: NetName=LA08_N Pin=JC1-25
Removed Pin From Net: NetName=LA07_P Pin=JC1-26
Removed Pin From Net: NetName=GND Pin=JC1-27
Removed Pin From Net: NetName=LA07_N Pin=JC1-28
Removed Pin From Net: NetName=LA12_P Pin=JC1-29
Removed Pin From Net: NetName=GND Pin=JC1-30
Removed Pin From Net: NetName=LA12_N Pin=JC1-31
Removed Pin From Net: NetName=LA11_P Pin=JC1-32
Removed Pin From Net: NetName=GND Pin=JC1-33
Removed Pin From Net: NetName=LA11_N Pin=JC1-34
Removed Pin From Net: NetName=LA16_P Pin=JC1-35
Removed Pin From Net: NetName=GND Pin=JC1-36
Removed Pin From Net: NetName=LA16_N Pin=JC1-37
Removed Pin From Net: NetName=LA15_P Pin=JC1-38
Removed Pin From Net: NetName=GND Pin=JC1-39
Removed Pin From Net: NetName=LA15_N Pin=JC1-40
Removed Pin From Net: NetName=LA20_P Pin=JC1-41
Removed Pin From Net: NetName=GND Pin=JC1-42
Removed Pin From Net: NetName=LA20_N Pin=JC1-43
Removed Pin From Net: NetName=LA19_P Pin=JC1-44
Removed Pin From Net: NetName=GND Pin=JC1-45
Removed Pin From Net: NetName=LA19_N Pin=JC1-46
Removed Pin From Net: NetName=LA22_P Pin=JC1-47
Removed Pin From Net: NetName=GND Pin=JC1-48
Removed Pin From Net: NetName=LA22_N Pin=JC1-49
Removed Pin From Net: NetName=LA21_P Pin=JC1-50
Removed Pin From Net: NetName=GND Pin=JC1-51
Removed Pin From Net: NetName=LA21_N Pin=JC1-52
Removed Pin From Net: NetName=LA25_P Pin=JC1-53
Removed Pin From Net: NetName=GND Pin=JC1-54
Removed Pin From Net: NetName=LA25_N Pin=JC1-55
Removed Pin From Net: NetName=LA24_P Pin=JC1-56
Removed Pin From Net: NetName=GND Pin=JC1-57
Removed Pin From Net: NetName=LA24_N Pin=JC1-58
Removed Pin From Net: NetName=LA29_P Pin=JC1-59
Removed Pin From Net: NetName=GND Pin=JC1-60
Removed Pin From Net: NetName=LA29_N Pin=JC1-61
Removed Pin From Net: NetName=LA28_P Pin=JC1-62
Removed Pin From Net: NetName=GND Pin=JC1-63
Removed Pin From Net: NetName=LA28_N Pin=JC1-64
Removed Pin From Net: NetName=LA31_P Pin=JC1-65
Removed Pin From Net: NetName=GND Pin=JC1-66
Removed Pin From Net: NetName=LA31_N Pin=JC1-67
Removed Pin From Net: NetName=LA30_P Pin=JC1-68
Removed Pin From Net: NetName=GND Pin=JC1-69
Removed Pin From Net: NetName=LA30_N Pin=JC1-70
Removed Pin From Net: NetName=LA33_P Pin=JC1-71
Removed Pin From Net: NetName=GND Pin=JC1-72
Removed Pin From Net: NetName=LA33_N Pin=JC1-73
Removed Pin From Net: NetName=LA32_P Pin=JC1-74
Removed Pin From Net: NetName=GND Pin=JC1-75
Removed Pin From Net: NetName=LA32_N Pin=JC1-76
Removed Pin From Net: NetName=VDD_ADJ Pin=JC1-77
Removed Pin From Net: NetName=GND Pin=JC1-78
Removed Pin From Net: NetName=GND Pin=JC1-79
Removed Pin From Net: NetName=VDD_ADJ Pin=JC1-80
Removed Pin From Net: NetName=PG_C2M Pin=JC2-1
Removed Pin From Net: NetName=GND Pin=JC2-2
Removed Pin From Net: NetName=GND Pin=JC2-3
Removed Pin From Net: NetName=Net_1_P Pin=JC2-4
Removed Pin From Net: NetName=GND Pin=JC2-5
Removed Pin From Net: NetName=Net_1_N Pin=JC2-6
Removed Pin From Net: NetName=NET_3_GBTCLK0_P Pin=JC2-7
Removed Pin From Net: NetName=GND Pin=JC2-8
Removed Pin From Net: NetName=NET_3_GBTCLK0_N Pin=JC2-9
Removed Pin From Net: NetName=GND Pin=JC2-10
Removed Pin From Net: NetName=GND Pin=JC2-11
Removed Pin From Net: NetName=Net_2_P Pin=JC2-12
Removed Pin From Net: NetName=GND Pin=JC2-13
Removed Pin From Net: NetName=Net_2_N Pin=JC2-14
Removed Pin From Net: NetName=LA01_CC_P Pin=JC2-15
Removed Pin From Net: NetName=GND Pin=JC2-16
Removed Pin From Net: NetName=LA01_CC_N Pin=JC2-17
Removed Pin From Net: NetName=GND Pin=JC2-18
Removed Pin From Net: NetName=GND Pin=JC2-19
Removed Pin From Net: NetName=LA06_P Pin=JC2-20
Removed Pin From Net: NetName=LA05_P Pin=JC2-21
Removed Pin From Net: NetName=LA06_N Pin=JC2-22
Removed Pin From Net: NetName=LA05_N Pin=JC2-23
Removed Pin From Net: NetName=GND Pin=JC2-24
Removed Pin From Net: NetName=GND Pin=JC2-25
Removed Pin From Net: NetName=GND Pin=JC2-26
Removed Pin From Net: NetName=LA09_P Pin=JC2-27
Removed Pin From Net: NetName=LA10_P Pin=JC2-28
Removed Pin From Net: NetName=LA09_N Pin=JC2-29
Removed Pin From Net: NetName=LA10_N Pin=JC2-30
Removed Pin From Net: NetName=GND Pin=JC2-31
Removed Pin From Net: NetName=GND Pin=JC2-32
Removed Pin From Net: NetName=LA13_P Pin=JC2-33
Removed Pin From Net: NetName=GND Pin=JC2-34
Removed Pin From Net: NetName=LA13_N Pin=JC2-35
Removed Pin From Net: NetName=LA14_P Pin=JC2-36
Removed Pin From Net: NetName=GND Pin=JC2-37
Removed Pin From Net: NetName=LA14_N Pin=JC2-38
Removed Pin From Net: NetName=LA17_CC_P Pin=JC2-39
Removed Pin From Net: NetName=GND Pin=JC2-40
Removed Pin From Net: NetName=LA17_CC_N Pin=JC2-41
Removed Pin From Net: NetName=GND Pin=JC2-42
Removed Pin From Net: NetName=GND Pin=JC2-43
Removed Pin From Net: NetName=LA18_CC_P Pin=JC2-44
Removed Pin From Net: NetName=LA23_P Pin=JC2-45
Removed Pin From Net: NetName=LA18_CC_N Pin=JC2-46
Removed Pin From Net: NetName=LA23_N Pin=JC2-47
Removed Pin From Net: NetName=GND Pin=JC2-48
Removed Pin From Net: NetName=GND Pin=JC2-49
Removed Pin From Net: NetName=GND Pin=JC2-50
Removed Pin From Net: NetName=LA26_P Pin=JC2-51
Removed Pin From Net: NetName=LA27_P Pin=JC2-52
Removed Pin From Net: NetName=LA26_N Pin=JC2-53
Removed Pin From Net: NetName=LA27_N Pin=JC2-54
Removed Pin From Net: NetName=GND Pin=JC2-55
Removed Pin From Net: NetName=GND Pin=JC2-56
Removed Pin From Net: NetName=TCK Pin=JC2-57
Removed Pin From Net: NetName=GND Pin=JC2-58
Removed Pin From Net: NetName=TDI Pin=JC2-59
Removed Pin From Net: NetName=SCL Pin=JC2-60
Removed Pin From Net: NetName=TDO Pin=JC2-61
Removed Pin From Net: NetName=SDA Pin=JC2-62
Removed Pin From Net: NetName=3V3 Pin=JC2-63
Removed Pin From Net: NetName=GND Pin=JC2-64
Removed Pin From Net: NetName=TMS Pin=JC2-65
Removed Pin From Net: NetName=GND Pin=JC2-66
Removed Pin From Net: NetName=TRST_L Pin=JC2-67
Removed Pin From Net: NetName=A0 Pin=JC2-68
Removed Pin From Net: NetName=A1 Pin=JC2-69
Removed Pin From Net: NetName=12V0 Pin=JC2-70
Removed Pin From Net: NetName=3V3 Pin=JC2-71
Removed Pin From Net: NetName=GND Pin=JC2-72
Removed Pin From Net: NetName=GND Pin=JC2-73
Removed Pin From Net: NetName=12V0 Pin=JC2-74
Removed Pin From Net: NetName=3V3 Pin=JC2-75
Removed Pin From Net: NetName=GND Pin=JC2-76
Removed Pin From Net: NetName=GND Pin=JC2-77
Removed Pin From Net: NetName=3V3 Pin=JC2-78
Removed Pin From Net: NetName=3V3 Pin=JC2-79
Removed Pin From Net: NetName=GND Pin=JC2-80
