Removed Pin From Net: NetName=VREF_A_M2C_H1 Pin=JC1-1
Removed Pin From Net: NetName=GND Pin=JC1-2
Removed Pin From Net: NetName=PRSNT_M2C_H2 Pin=JC1-3
Removed Pin From Net: NetName=GND Pin=JC1-5
Removed Pin From Net: NetName=GND Pin=JC1-8
Removed Pin From Net: NetName=GND Pin=JC1-10
Removed Pin From Net: NetName=GND Pin=JC1-11
Removed Pin From Net: NetName=LA00_CC_P Pin=JC1-12
Removed Pin From Net: NetName=LA02_P Pin=JC1-13
Removed Pin From Net: NetName=LA00_CC_N Pin=JC1-14
Removed Pin From Net: NetName=LA02_N Pin=JC1-15
Removed Pin From Net: NetName=GND Pin=JC1-16
Removed Pin From Net: NetName=GND Pin=JC1-17
Removed Pin From Net: NetName=LA03_P Pin=JC1-18
Removed Pin From Net: NetName=LA04_P Pin=JC1-19
Removed Pin From Net: NetName=LA03_N Pin=JC1-20
Removed Pin From Net: NetName=LA04_N Pin=JC1-21
Removed Pin From Net: NetName=GND Pin=JC1-22
Removed Pin From Net: NetName=GND Pin=JC1-23
Removed Pin From Net: NetName=LA08_P Pin=JC1-24
Removed Pin From Net: NetName=LA07_P Pin=JC1-25
Removed Pin From Net: NetName=LA08_N Pin=JC1-26
Removed Pin From Net: NetName=LA07_N Pin=JC1-27
Removed Pin From Net: NetName=GND Pin=JC1-28
Removed Pin From Net: NetName=GND Pin=JC1-29
Removed Pin From Net: NetName=LA12_P Pin=JC1-30
Removed Pin From Net: NetName=LA11_P Pin=JC1-31
Removed Pin From Net: NetName=LA12_N Pin=JC1-32
Removed Pin From Net: NetName=LA11_N Pin=JC1-33
Removed Pin From Net: NetName=GND Pin=JC1-34
Removed Pin From Net: NetName=GND Pin=JC1-35
Removed Pin From Net: NetName=LA16_P Pin=JC1-36
Removed Pin From Net: NetName=LA15_P Pin=JC1-37
Removed Pin From Net: NetName=LA16_N Pin=JC1-38
Removed Pin From Net: NetName=LA15_N Pin=JC1-39
Removed Pin From Net: NetName=GND Pin=JC1-40
Removed Pin From Net: NetName=GND Pin=JC1-41
Removed Pin From Net: NetName=LA20_P Pin=JC1-42
Removed Pin From Net: NetName=LA19_P Pin=JC1-43
Removed Pin From Net: NetName=LA20_N Pin=JC1-44
Removed Pin From Net: NetName=LA19_N Pin=JC1-45
Removed Pin From Net: NetName=GND Pin=JC1-46
Removed Pin From Net: NetName=GND Pin=JC1-47
Removed Pin From Net: NetName=LA22_P Pin=JC1-48
Removed Pin From Net: NetName=LA21_P Pin=JC1-49
Removed Pin From Net: NetName=LA22_N Pin=JC1-50
Removed Pin From Net: NetName=LA21_N Pin=JC1-51
Removed Pin From Net: NetName=GND Pin=JC1-52
Removed Pin From Net: NetName=GND Pin=JC1-53
Removed Pin From Net: NetName=LA25_P Pin=JC1-54
Removed Pin From Net: NetName=LA24_P Pin=JC1-55
Removed Pin From Net: NetName=LA25_N Pin=JC1-56
Removed Pin From Net: NetName=LA24_N Pin=JC1-57
Removed Pin From Net: NetName=GND Pin=JC1-58
Removed Pin From Net: NetName=GND Pin=JC1-59
Removed Pin From Net: NetName=LA29_P Pin=JC1-60
Removed Pin From Net: NetName=LA28_P Pin=JC1-61
Removed Pin From Net: NetName=LA29_N Pin=JC1-62
Removed Pin From Net: NetName=LA28_N Pin=JC1-63
Removed Pin From Net: NetName=GND Pin=JC1-64
Removed Pin From Net: NetName=GND Pin=JC1-65
Removed Pin From Net: NetName=LA31_P Pin=JC1-66
Removed Pin From Net: NetName=LA30_P Pin=JC1-67
Removed Pin From Net: NetName=LA31_N Pin=JC1-68
Removed Pin From Net: NetName=LA30_N Pin=JC1-69
Removed Pin From Net: NetName=GND Pin=JC1-70
Removed Pin From Net: NetName=GND Pin=JC1-71
Removed Pin From Net: NetName=LA33_P Pin=JC1-72
Removed Pin From Net: NetName=LA32_P Pin=JC1-73
Removed Pin From Net: NetName=LA33_N Pin=JC1-74
Removed Pin From Net: NetName=LA32_N Pin=JC1-75
Removed Pin From Net: NetName=GND Pin=JC1-76
Removed Pin From Net: NetName=GND Pin=JC1-77
Removed Pin From Net: NetName=VDD_ADJ Pin=JC1-78
Removed Pin From Net: NetName=VDD_ADJ Pin=JC1-79
Removed Pin From Net: NetName=GND Pin=JC1-80
Added Pin To Net: NetName=GND Pin=JC1-1
Added Pin To Net: NetName=VREF_A_M2C_H1 Pin=JC1-2
Added Pin To Net: NetName=PRSNT_M2C_H2 Pin=JC1-4
Added Pin To Net: NetName=GND Pin=JC1-6
Added Pin To Net: NetName=GND Pin=JC1-7
Added Pin To Net: NetName=GND Pin=JC1-9
Added Pin To Net: NetName=LA00_CC_P Pin=JC1-11
Added Pin To Net: NetName=GND Pin=JC1-12
Added Pin To Net: NetName=LA00_CC_N Pin=JC1-13
Added Pin To Net: NetName=LA02_P Pin=JC1-14
Added Pin To Net: NetName=GND Pin=JC1-15
Added Pin To Net: NetName=LA02_N Pin=JC1-16
Added Pin To Net: NetName=LA03_P Pin=JC1-17
Added Pin To Net: NetName=GND Pin=JC1-18
Added Pin To Net: NetName=LA03_N Pin=JC1-19
Added Pin To Net: NetName=LA04_P Pin=JC1-20
Added Pin To Net: NetName=GND Pin=JC1-21
Added Pin To Net: NetName=LA04_N Pin=JC1-22
Added Pin To Net: NetName=LA08_P Pin=JC1-23
Added Pin To Net: NetName=GND Pin=JC1-24
Added Pin To Net: NetName=LA08_N Pin=JC1-25
Added Pin To Net: NetName=LA07_P Pin=JC1-26
Added Pin To Net: NetName=GND Pin=JC1-27
Added Pin To Net: NetName=LA07_N Pin=JC1-28
Added Pin To Net: NetName=LA12_P Pin=JC1-29
Added Pin To Net: NetName=GND Pin=JC1-30
Added Pin To Net: NetName=LA12_N Pin=JC1-31
Added Pin To Net: NetName=LA11_P Pin=JC1-32
Added Pin To Net: NetName=GND Pin=JC1-33
Added Pin To Net: NetName=LA11_N Pin=JC1-34
Added Pin To Net: NetName=LA16_P Pin=JC1-35
Added Pin To Net: NetName=GND Pin=JC1-36
Added Pin To Net: NetName=LA16_N Pin=JC1-37
Added Pin To Net: NetName=LA15_P Pin=JC1-38
Added Pin To Net: NetName=GND Pin=JC1-39
Added Pin To Net: NetName=LA15_N Pin=JC1-40
Added Pin To Net: NetName=LA20_P Pin=JC1-41
Added Pin To Net: NetName=GND Pin=JC1-42
Added Pin To Net: NetName=LA20_N Pin=JC1-43
Added Pin To Net: NetName=LA19_P Pin=JC1-44
Added Pin To Net: NetName=GND Pin=JC1-45
Added Pin To Net: NetName=LA19_N Pin=JC1-46
Added Pin To Net: NetName=LA22_P Pin=JC1-47
Added Pin To Net: NetName=GND Pin=JC1-48
Added Pin To Net: NetName=LA22_N Pin=JC1-49
Added Pin To Net: NetName=LA21_P Pin=JC1-50
Added Pin To Net: NetName=GND Pin=JC1-51
Added Pin To Net: NetName=LA21_N Pin=JC1-52
Added Pin To Net: NetName=LA25_P Pin=JC1-53
Added Pin To Net: NetName=GND Pin=JC1-54
Added Pin To Net: NetName=LA25_N Pin=JC1-55
Added Pin To Net: NetName=LA24_P Pin=JC1-56
Added Pin To Net: NetName=GND Pin=JC1-57
Added Pin To Net: NetName=LA24_N Pin=JC1-58
Added Pin To Net: NetName=LA29_P Pin=JC1-59
Added Pin To Net: NetName=GND Pin=JC1-60
Added Pin To Net: NetName=LA29_N Pin=JC1-61
Added Pin To Net: NetName=LA28_P Pin=JC1-62
Added Pin To Net: NetName=GND Pin=JC1-63
Added Pin To Net: NetName=LA28_N Pin=JC1-64
Added Pin To Net: NetName=LA31_P Pin=JC1-65
Added Pin To Net: NetName=GND Pin=JC1-66
Added Pin To Net: NetName=LA31_N Pin=JC1-67
Added Pin To Net: NetName=LA30_P Pin=JC1-68
Added Pin To Net: NetName=GND Pin=JC1-69
Added Pin To Net: NetName=LA30_N Pin=JC1-70
Added Pin To Net: NetName=LA33_P Pin=JC1-71
Added Pin To Net: NetName=GND Pin=JC1-72
Added Pin To Net: NetName=LA33_N Pin=JC1-73
Added Pin To Net: NetName=LA32_P Pin=JC1-74
Added Pin To Net: NetName=GND Pin=JC1-75
Added Pin To Net: NetName=LA32_N Pin=JC1-76
Added Pin To Net: NetName=VDD_ADJ Pin=JC1-77
Added Pin To Net: NetName=GND Pin=JC1-78
Added Pin To Net: NetName=GND Pin=JC1-79
Added Pin To Net: NetName=VDD_ADJ Pin=JC1-80
