Add Pin To Net: Unknown Pin: Pin JC3-C1
Add Pin To Net: Unknown Pin: Pin JC3-C2
Add Pin To Net: Unknown Pin: Pin JC3-C3
Add Pin To Net: Unknown Pin: Pin JC3-C4
Add Pin To Net: Unknown Pin: Pin JC3-C5
Add Pin To Net: Unknown Pin: Pin JC3-C6
Add Pin To Net: Unknown Pin: Pin JC3-C7
Add Pin To Net: Unknown Pin: Pin JC3-C8
Add Pin To Net: Unknown Pin: Pin JC3-C9
Add Pin To Net: Unknown Pin: Pin JC3-C10
Add Pin To Net: Unknown Pin: Pin JC3-C11
Add Pin To Net: Unknown Pin: Pin JC3-C12
Add Pin To Net: Unknown Pin: Pin JC3-C13
Add Pin To Net: Unknown Pin: Pin JC3-C14
Add Pin To Net: Unknown Pin: Pin JC3-C15
Add Pin To Net: Unknown Pin: Pin JC3-C16
Add Pin To Net: Unknown Pin: Pin JC3-C17
Add Pin To Net: Unknown Pin: Pin JC3-C18
Add Pin To Net: Unknown Pin: Pin JC3-C19
Add Pin To Net: Unknown Pin: Pin JC3-C20
Add Pin To Net: Unknown Pin: Pin JC3-C21
Add Pin To Net: Unknown Pin: Pin JC3-C22
Add Pin To Net: Unknown Pin: Pin JC3-C23
Add Pin To Net: Unknown Pin: Pin JC3-C24
Add Pin To Net: Unknown Pin: Pin JC3-C25
Add Pin To Net: Unknown Pin: Pin JC3-C26
Add Pin To Net: Unknown Pin: Pin JC3-C27
Add Pin To Net: Unknown Pin: Pin JC3-C28
Add Pin To Net: Unknown Pin: Pin JC3-C29
Add Pin To Net: Unknown Pin: Pin JC3-C30
Add Pin To Net: Unknown Pin: Pin JC3-C31
Add Pin To Net: Unknown Pin: Pin JC3-C32
Add Pin To Net: Unknown Pin: Pin JC3-C33
Add Pin To Net: Unknown Pin: Pin JC3-C34
Add Pin To Net: Unknown Pin: Pin JC3-C35
Add Pin To Net: Unknown Pin: Pin JC3-C36
Add Pin To Net: Unknown Pin: Pin JC3-C37
Add Pin To Net: Unknown Pin: Pin JC3-C38
Add Pin To Net: Unknown Pin: Pin JC3-C39
Add Pin To Net: Unknown Pin: Pin JC3-C40
Add Pin To Net: Unknown Pin: Pin JC3-D1
Add Pin To Net: Unknown Pin: Pin JC3-D2
Add Pin To Net: Unknown Pin: Pin JC3-D3
Add Pin To Net: Unknown Pin: Pin JC3-D4
Add Pin To Net: Unknown Pin: Pin JC3-D5
Add Pin To Net: Unknown Pin: Pin JC3-D6
Add Pin To Net: Unknown Pin: Pin JC3-D7
Add Pin To Net: Unknown Pin: Pin JC3-D8
Add Pin To Net: Unknown Pin: Pin JC3-D9
Add Pin To Net: Unknown Pin: Pin JC3-D10
Add Pin To Net: Unknown Pin: Pin JC3-D11
Add Pin To Net: Unknown Pin: Pin JC3-D12
Add Pin To Net: Unknown Pin: Pin JC3-D13
Add Pin To Net: Unknown Pin: Pin JC3-D14
Add Pin To Net: Unknown Pin: Pin JC3-D15
Add Pin To Net: Unknown Pin: Pin JC3-D16
Add Pin To Net: Unknown Pin: Pin JC3-D17
Add Pin To Net: Unknown Pin: Pin JC3-D18
Add Pin To Net: Unknown Pin: Pin JC3-D19
Add Pin To Net: Unknown Pin: Pin JC3-D20
Add Pin To Net: Unknown Pin: Pin JC3-D21
Add Pin To Net: Unknown Pin: Pin JC3-D22
Add Pin To Net: Unknown Pin: Pin JC3-D23
Add Pin To Net: Unknown Pin: Pin JC3-D24
Add Pin To Net: Unknown Pin: Pin JC3-D25
Add Pin To Net: Unknown Pin: Pin JC3-D26
Add Pin To Net: Unknown Pin: Pin JC3-D27
Add Pin To Net: Unknown Pin: Pin JC3-D28
Add Pin To Net: Unknown Pin: Pin JC3-D29
Add Pin To Net: Unknown Pin: Pin JC3-D30
Add Pin To Net: Unknown Pin: Pin JC3-D31
Add Pin To Net: Unknown Pin: Pin JC3-D32
Add Pin To Net: Unknown Pin: Pin JC3-D33
Add Pin To Net: Unknown Pin: Pin JC3-D34
Add Pin To Net: Unknown Pin: Pin JC3-D35
Add Pin To Net: Unknown Pin: Pin JC3-D36
Add Pin To Net: Unknown Pin: Pin JC3-D37
Add Pin To Net: Unknown Pin: Pin JC3-D38
Add Pin To Net: Unknown Pin: Pin JC3-D39
Add Pin To Net: Unknown Pin: Pin JC3-D40
Add Pin To Net: Unknown Pin: Pin JC3-G1
Add Pin To Net: Unknown Pin: Pin JC3-G4
Add Pin To Net: Unknown Pin: Pin JC3-G5
Add Pin To Net: Unknown Pin: Pin JC3-G6
Add Pin To Net: Unknown Pin: Pin JC3-G7
Add Pin To Net: Unknown Pin: Pin JC3-G8
Add Pin To Net: Unknown Pin: Pin JC3-G9
Add Pin To Net: Unknown Pin: Pin JC3-G10
Add Pin To Net: Unknown Pin: Pin JC3-G11
Add Pin To Net: Unknown Pin: Pin JC3-G12
Add Pin To Net: Unknown Pin: Pin JC3-G13
Add Pin To Net: Unknown Pin: Pin JC3-G14
Add Pin To Net: Unknown Pin: Pin JC3-G15
Add Pin To Net: Unknown Pin: Pin JC3-G16
Add Pin To Net: Unknown Pin: Pin JC3-G17
Add Pin To Net: Unknown Pin: Pin JC3-G18
Add Pin To Net: Unknown Pin: Pin JC3-G19
Add Pin To Net: Unknown Pin: Pin JC3-G20
Add Pin To Net: Unknown Pin: Pin JC3-G21
Add Pin To Net: Unknown Pin: Pin JC3-G22
Add Pin To Net: Unknown Pin: Pin JC3-G23
Add Pin To Net: Unknown Pin: Pin JC3-G24
Add Pin To Net: Unknown Pin: Pin JC3-G25
Add Pin To Net: Unknown Pin: Pin JC3-G26
Add Pin To Net: Unknown Pin: Pin JC3-G27
Add Pin To Net: Unknown Pin: Pin JC3-G28
Add Pin To Net: Unknown Pin: Pin JC3-G29
Add Pin To Net: Unknown Pin: Pin JC3-G30
Add Pin To Net: Unknown Pin: Pin JC3-G31
Add Pin To Net: Unknown Pin: Pin JC3-G32
Add Pin To Net: Unknown Pin: Pin JC3-G33
Add Pin To Net: Unknown Pin: Pin JC3-G34
Add Pin To Net: Unknown Pin: Pin JC3-G35
Add Pin To Net: Unknown Pin: Pin JC3-G36
Add Pin To Net: Unknown Pin: Pin JC3-G37
Add Pin To Net: Unknown Pin: Pin JC3-G38
Add Pin To Net: Unknown Pin: Pin JC3-G39
Add Pin To Net: Unknown Pin: Pin JC3-G40
Add Pin To Net: Unknown Pin: Pin JC3-H1
Add Pin To Net: Unknown Pin: Pin JC3-H2
Add Pin To Net: Unknown Pin: Pin JC3-H3
Add Pin To Net: Unknown Pin: Pin JC3-H6
Add Pin To Net: Unknown Pin: Pin JC3-H7
Add Pin To Net: Unknown Pin: Pin JC3-H8
Add Pin To Net: Unknown Pin: Pin JC3-H9
Add Pin To Net: Unknown Pin: Pin JC3-H10
Add Pin To Net: Unknown Pin: Pin JC3-H11
Add Pin To Net: Unknown Pin: Pin JC3-H12
Add Pin To Net: Unknown Pin: Pin JC3-H13
Add Pin To Net: Unknown Pin: Pin JC3-H14
Add Pin To Net: Unknown Pin: Pin JC3-H15
Add Pin To Net: Unknown Pin: Pin JC3-H16
Add Pin To Net: Unknown Pin: Pin JC3-H17
Add Pin To Net: Unknown Pin: Pin JC3-H18
Add Pin To Net: Unknown Pin: Pin JC3-H19
Add Pin To Net: Unknown Pin: Pin JC3-H20
Add Pin To Net: Unknown Pin: Pin JC3-H21
Add Pin To Net: Unknown Pin: Pin JC3-H22
Add Pin To Net: Unknown Pin: Pin JC3-H23
Add Pin To Net: Unknown Pin: Pin JC3-H24
Add Pin To Net: Unknown Pin: Pin JC3-H25
Add Pin To Net: Unknown Pin: Pin JC3-H26
Add Pin To Net: Unknown Pin: Pin JC3-H27
Add Pin To Net: Unknown Pin: Pin JC3-H28
Add Pin To Net: Unknown Pin: Pin JC3-H29
Add Pin To Net: Unknown Pin: Pin JC3-H30
Add Pin To Net: Unknown Pin: Pin JC3-H31
Add Pin To Net: Unknown Pin: Pin JC3-H32
Add Pin To Net: Unknown Pin: Pin JC3-H33
Add Pin To Net: Unknown Pin: Pin JC3-H34
Add Pin To Net: Unknown Pin: Pin JC3-H35
Add Pin To Net: Unknown Pin: Pin JC3-H36
Add Pin To Net: Unknown Pin: Pin JC3-H37
Add Pin To Net: Unknown Pin: Pin JC3-H38
Add Pin To Net: Unknown Pin: Pin JC3-H39
Add Pin To Net: Unknown Pin: Pin JC3-H40
Add Class Member: Failed to add class member : Component JC3 ASP-134604-01
