Removed Pin From Net: NetName=VREF_A_M2C_H1 Pin=JC1-1
Removed Pin From Net: NetName=PRSNT_M2C_H2 Pin=JC1-3
Removed Pin From Net: NetName=LA02_P Pin=JC1-13
Removed Pin From Net: NetName=LA02_N Pin=JC1-15
Removed Pin From Net: NetName=GND Pin=JC1-17
Removed Pin From Net: NetName=LA03_P Pin=JC1-18
Removed Pin From Net: NetName=LA04_P Pin=JC1-19
Removed Pin From Net: NetName=LA03_N Pin=JC1-20
Removed Pin From Net: NetName=LA04_N Pin=JC1-21
Removed Pin From Net: NetName=GND Pin=JC1-22
Removed Pin From Net: NetName=GND Pin=JC1-23
Removed Pin From Net: NetName=LA08_P Pin=JC1-24
Removed Pin From Net: NetName=LA07_P Pin=JC1-25
Removed Pin From Net: NetName=LA08_N Pin=JC1-26
Removed Pin From Net: NetName=LA07_N Pin=JC1-27
Removed Pin From Net: NetName=GND Pin=JC1-28
Removed Pin From Net: NetName=GND Pin=JC1-29
Removed Pin From Net: NetName=LA12_P Pin=JC1-30
Removed Pin From Net: NetName=LA11_P Pin=JC1-31
Removed Pin From Net: NetName=LA12_N Pin=JC1-32
Removed Pin From Net: NetName=LA11_N Pin=JC1-33
Removed Pin From Net: NetName=GND Pin=JC1-35
Removed Pin From Net: NetName=LA16_P Pin=JC1-36
Removed Pin From Net: NetName=LA15_P Pin=JC1-37
Removed Pin From Net: NetName=LA16_N Pin=JC1-38
Removed Pin From Net: NetName=LA15_N Pin=JC1-39
Removed Pin From Net: NetName=GND Pin=JC1-41
Removed Pin From Net: NetName=LA20_P Pin=JC1-42
Removed Pin From Net: NetName=LA19_P Pin=JC1-43
Removed Pin From Net: NetName=LA20_N Pin=JC1-44
Removed Pin From Net: NetName=LA19_N Pin=JC1-45
Removed Pin From Net: NetName=GND Pin=JC1-46
Removed Pin From Net: NetName=GND Pin=JC1-47
Removed Pin From Net: NetName=LA22_P Pin=JC1-48
Removed Pin From Net: NetName=LA21_P Pin=JC1-49
Removed Pin From Net: NetName=LA22_N Pin=JC1-50
Removed Pin From Net: NetName=LA21_N Pin=JC1-51
Removed Pin From Net: NetName=GND Pin=JC1-52
Removed Pin From Net: NetName=GND Pin=JC1-53
Removed Pin From Net: NetName=LA25_P Pin=JC1-54
Removed Pin From Net: NetName=LA24_P Pin=JC1-55
Removed Pin From Net: NetName=LA25_N Pin=JC1-56
Removed Pin From Net: NetName=LA24_N Pin=JC1-57
Removed Pin From Net: NetName=GND Pin=JC1-59
Removed Pin From Net: NetName=LA29_P Pin=JC1-60
Removed Pin From Net: NetName=LA28_P Pin=JC1-61
Removed Pin From Net: NetName=LA29_N Pin=JC1-62
Removed Pin From Net: NetName=LA28_N Pin=JC1-63
Removed Pin From Net: NetName=GND Pin=JC1-65
Removed Pin From Net: NetName=LA31_P Pin=JC1-66
Removed Pin From Net: NetName=LA30_P Pin=JC1-67
Removed Pin From Net: NetName=LA31_N Pin=JC1-68
Removed Pin From Net: NetName=LA30_N Pin=JC1-69
Removed Pin From Net: NetName=GND Pin=JC1-70
Removed Pin From Net: NetName=GND Pin=JC1-71
Removed Pin From Net: NetName=LA32_P Pin=JC1-73
Removed Pin From Net: NetName=LA32_N Pin=JC1-75
Removed Pin From Net: NetName=VDD_ADJ Pin=JC1-78
Removed Pin From Net: NetName=VDD_ADJ Pin=JC1-79
Removed Pin From Net: NetName=PG_C2M Pin=JC2-1
Removed Pin From Net: NetName=GND Pin=JC2-3
Removed Pin From Net: NetName=Net_1_P Pin=JC2-4
Removed Pin From Net: NetName=Net_1_N Pin=JC2-6
Removed Pin From Net: NetName=NET_3_GBTCLK0_P Pin=JC2-7
Removed Pin From Net: NetName=NET_3_GBTCLK0_N Pin=JC2-9
Removed Pin From Net: NetName=Net_2_P Pin=JC2-12
Removed Pin From Net: NetName=GND Pin=JC2-13
Removed Pin From Net: NetName=Net_2_N Pin=JC2-14
Removed Pin From Net: NetName=LA01_CC_P Pin=JC2-15
Removed Pin From Net: NetName=LA01_CC_N Pin=JC2-17
Removed Pin From Net: NetName=GND Pin=JC2-18
Removed Pin From Net: NetName=GND Pin=JC2-19
Removed Pin From Net: NetName=LA06_P Pin=JC2-20
Removed Pin From Net: NetName=LA05_P Pin=JC2-21
Removed Pin From Net: NetName=LA06_N Pin=JC2-22
Removed Pin From Net: NetName=LA05_N Pin=JC2-23
Removed Pin From Net: NetName=GND Pin=JC2-24
Removed Pin From Net: NetName=GND Pin=JC2-25
Removed Pin From Net: NetName=GND Pin=JC2-26
Removed Pin From Net: NetName=LA09_P Pin=JC2-27
Removed Pin From Net: NetName=LA10_P Pin=JC2-28
Removed Pin From Net: NetName=LA09_N Pin=JC2-29
Removed Pin From Net: NetName=LA10_N Pin=JC2-30
Removed Pin From Net: NetName=GND Pin=JC2-31
Removed Pin From Net: NetName=GND Pin=JC2-32
Removed Pin From Net: NetName=LA13_P Pin=JC2-33
Removed Pin From Net: NetName=LA13_N Pin=JC2-35
Removed Pin From Net: NetName=LA14_P Pin=JC2-36
Removed Pin From Net: NetName=GND Pin=JC2-37
Removed Pin From Net: NetName=LA14_N Pin=JC2-38
Removed Pin From Net: NetName=LA17_CC_P Pin=JC2-39
Removed Pin From Net: NetName=LA17_CC_N Pin=JC2-41
Removed Pin From Net: NetName=GND Pin=JC2-42
Removed Pin From Net: NetName=GND Pin=JC2-43
Removed Pin From Net: NetName=LA18_CC_P Pin=JC2-44
Removed Pin From Net: NetName=LA23_P Pin=JC2-45
Removed Pin From Net: NetName=LA18_CC_N Pin=JC2-46
Removed Pin From Net: NetName=LA23_N Pin=JC2-47
Removed Pin From Net: NetName=GND Pin=JC2-48
Removed Pin From Net: NetName=GND Pin=JC2-49
Removed Pin From Net: NetName=GND Pin=JC2-50
Removed Pin From Net: NetName=LA26_P Pin=JC2-51
Removed Pin From Net: NetName=LA27_P Pin=JC2-52
Removed Pin From Net: NetName=LA26_N Pin=JC2-53
Removed Pin From Net: NetName=LA27_N Pin=JC2-54
Removed Pin From Net: NetName=GND Pin=JC2-55
Removed Pin From Net: NetName=GND Pin=JC2-56
Removed Pin From Net: NetName=TCK Pin=JC2-57
Removed Pin From Net: NetName=TDI Pin=JC2-59
Removed Pin From Net: NetName=SCL Pin=JC2-60
Removed Pin From Net: NetName=TDO Pin=JC2-61
Removed Pin From Net: NetName=SDA Pin=JC2-62
Removed Pin From Net: NetName=3V3 Pin=JC2-63
Removed Pin From Net: NetName=TMS Pin=JC2-65
Removed Pin From Net: NetName=GND Pin=JC2-66
Removed Pin From Net: NetName=TRST_L Pin=JC2-67
Removed Pin From Net: NetName=A0 Pin=JC2-68
Removed Pin From Net: NetName=A1 Pin=JC2-69
Removed Pin From Net: NetName=12V0 Pin=JC2-70
Removed Pin From Net: NetName=3V3 Pin=JC2-71
Removed Pin From Net: NetName=GND Pin=JC2-73
Removed Pin From Net: NetName=12V0 Pin=JC2-74
Removed Pin From Net: NetName=3V3 Pin=JC2-75
Removed Pin From Net: NetName=3V3 Pin=JC2-78
Removed Pin From Net: NetName=3V3 Pin=JC2-79
Change Component Footprint: Designator=JC1 Old Footprint=FTSH-140-01-L-DV New Footprint=TSW-140-19-L-D
Change Component Footprint: Designator=JC2 Old Footprint=FTSH-140-01-L-DV New Footprint=TSW-140-19-L-D
Change Component Comment : Designator=JC1 Old Comment=FTSH-140-01-L-DV New Comment=TSW-140-19-L-D
Change Component Comment : Designator=JC2 Old Comment=FTSH-140-01-L-DV New Comment=TSW-140-19-L-D
Change component parameters: Designator = "JC1" ("JC1"); Footprint = "FTSH-140-01-L-DV"; UniqueID = "\KWOSNAGB" ("\KWOSNAGB")
Change component parameters (AddParameter): Name = "Company P/N"; Value = "JC-000050"; VariantName = "[No Variations]"
Change component parameters (AddParameter): Name = "Manufacturer Name 1"; Value = "MOLEX"; VariantName = "[No Variations]"
Change component parameters (AddParameter): Name = "Manufacturer P/N 1"; Value = "TSW-140-19-L-D"; VariantName = "[No Variations]"
Change component parameters (AddParameter): Name = "Pin Count"; Value = "80"; VariantName = "[No Variations]"
Change component parameters (AddParameter): Name = "Price @ 1k"; Value = "4"; VariantName = "[No Variations]"
Change component parameters: Designator = "JC2" ("JC2"); Footprint = "FTSH-140-01-L-DV"; UniqueID = "\ANRAYWMP" ("\ANRAYWMP")
Change component parameters (AddParameter): Name = "Company P/N"; Value = "JC-000050"; VariantName = "[No Variations]"
Change component parameters (AddParameter): Name = "Manufacturer Name 1"; Value = "MOLEX"; VariantName = "[No Variations]"
Change component parameters (AddParameter): Name = "Manufacturer P/N 1"; Value = "TSW-140-19-L-D"; VariantName = "[No Variations]"
Change component parameters (AddParameter): Name = "Pin Count"; Value = "80"; VariantName = "[No Variations]"
Change component parameters (AddParameter): Name = "Price @ 1k"; Value = "4"; VariantName = "[No Variations]"
Added Pin To Net: NetName=PG_C2M Pin=JC1-1
Added Pin To Net: NetName=GND Pin=JC1-3
Added Pin To Net: NetName=Net_1_P Pin=JC1-4
Added Pin To Net: NetName=Net_1_N Pin=JC1-6
Added Pin To Net: NetName=NET_3_GBTCLK0_P Pin=JC1-7
Added Pin To Net: NetName=NET_3_GBTCLK0_N Pin=JC1-9
Added Pin To Net: NetName=Net_2_P Pin=JC1-12
Added Pin To Net: NetName=GND Pin=JC1-13
Added Pin To Net: NetName=Net_2_N Pin=JC1-14
Added Pin To Net: NetName=LA01_CC_P Pin=JC1-15
Added Pin To Net: NetName=LA01_CC_N Pin=JC1-17
Added Pin To Net: NetName=GND Pin=JC1-18
Added Pin To Net: NetName=GND Pin=JC1-19
Added Pin To Net: NetName=LA06_P Pin=JC1-20
Added Pin To Net: NetName=LA05_P Pin=JC1-21
Added Pin To Net: NetName=LA06_N Pin=JC1-22
Added Pin To Net: NetName=LA05_N Pin=JC1-23
Added Pin To Net: NetName=GND Pin=JC1-24
Added Pin To Net: NetName=GND Pin=JC1-25
Added Pin To Net: NetName=GND Pin=JC1-26
Added Pin To Net: NetName=LA09_P Pin=JC1-27
Added Pin To Net: NetName=LA10_P Pin=JC1-28
Added Pin To Net: NetName=LA09_N Pin=JC1-29
Added Pin To Net: NetName=LA10_N Pin=JC1-30
Added Pin To Net: NetName=GND Pin=JC1-31
Added Pin To Net: NetName=GND Pin=JC1-32
Added Pin To Net: NetName=LA13_P Pin=JC1-33
Added Pin To Net: NetName=LA13_N Pin=JC1-35
Added Pin To Net: NetName=LA14_P Pin=JC1-36
Added Pin To Net: NetName=GND Pin=JC1-37
Added Pin To Net: NetName=LA14_N Pin=JC1-38
Added Pin To Net: NetName=LA17_CC_P Pin=JC1-39
Added Pin To Net: NetName=LA17_CC_N Pin=JC1-41
Added Pin To Net: NetName=GND Pin=JC1-42
Added Pin To Net: NetName=GND Pin=JC1-43
Added Pin To Net: NetName=LA18_CC_P Pin=JC1-44
Added Pin To Net: NetName=LA23_P Pin=JC1-45
Added Pin To Net: NetName=LA18_CC_N Pin=JC1-46
Added Pin To Net: NetName=LA23_N Pin=JC1-47
Added Pin To Net: NetName=GND Pin=JC1-48
Added Pin To Net: NetName=GND Pin=JC1-49
Added Pin To Net: NetName=GND Pin=JC1-50
Added Pin To Net: NetName=LA26_P Pin=JC1-51
Added Pin To Net: NetName=LA27_P Pin=JC1-52
Added Pin To Net: NetName=LA26_N Pin=JC1-53
Added Pin To Net: NetName=LA27_N Pin=JC1-54
Added Pin To Net: NetName=GND Pin=JC1-55
Added Pin To Net: NetName=GND Pin=JC1-56
Added Pin To Net: NetName=TCK Pin=JC1-57
Added Pin To Net: NetName=TDI Pin=JC1-59
Added Pin To Net: NetName=SCL Pin=JC1-60
Added Pin To Net: NetName=TDO Pin=JC1-61
Added Pin To Net: NetName=SDA Pin=JC1-62
Added Pin To Net: NetName=3V3 Pin=JC1-63
Added Pin To Net: NetName=TMS Pin=JC1-65
Added Pin To Net: NetName=GND Pin=JC1-66
Added Pin To Net: NetName=TRST_L Pin=JC1-67
Added Pin To Net: NetName=A0 Pin=JC1-68
Added Pin To Net: NetName=A1 Pin=JC1-69
Added Pin To Net: NetName=12V0 Pin=JC1-70
Added Pin To Net: NetName=3V3 Pin=JC1-71
Added Pin To Net: NetName=GND Pin=JC1-72
Added Pin To Net: NetName=GND Pin=JC1-73
Added Pin To Net: NetName=12V0 Pin=JC1-74
Added Pin To Net: NetName=3V3 Pin=JC1-75
Added Pin To Net: NetName=3V3 Pin=JC1-78
Added Pin To Net: NetName=3V3 Pin=JC1-79
Added Pin To Net: NetName=VREF_A_M2C_H1 Pin=JC2-1
Added Pin To Net: NetName=PRSNT_M2C_H2 Pin=JC2-3
Added Pin To Net: NetName=GND Pin=JC2-12
Added Pin To Net: NetName=LA02_P Pin=JC2-13
Added Pin To Net: NetName=GND Pin=JC2-14
Added Pin To Net: NetName=LA02_N Pin=JC2-15
Added Pin To Net: NetName=GND Pin=JC2-17
Added Pin To Net: NetName=LA03_P Pin=JC2-18
Added Pin To Net: NetName=LA04_P Pin=JC2-19
Added Pin To Net: NetName=LA03_N Pin=JC2-20
Added Pin To Net: NetName=LA04_N Pin=JC2-21
Added Pin To Net: NetName=GND Pin=JC2-22
Added Pin To Net: NetName=GND Pin=JC2-23
Added Pin To Net: NetName=LA08_P Pin=JC2-24
Added Pin To Net: NetName=LA07_P Pin=JC2-25
Added Pin To Net: NetName=LA08_N Pin=JC2-26
Added Pin To Net: NetName=LA07_N Pin=JC2-27
Added Pin To Net: NetName=GND Pin=JC2-28
Added Pin To Net: NetName=GND Pin=JC2-29
Added Pin To Net: NetName=LA12_P Pin=JC2-30
Added Pin To Net: NetName=LA11_P Pin=JC2-31
Added Pin To Net: NetName=LA12_N Pin=JC2-32
Added Pin To Net: NetName=LA11_N Pin=JC2-33
Added Pin To Net: NetName=GND Pin=JC2-35
Added Pin To Net: NetName=LA16_P Pin=JC2-36
Added Pin To Net: NetName=LA15_P Pin=JC2-37
Added Pin To Net: NetName=LA16_N Pin=JC2-38
Added Pin To Net: NetName=LA15_N Pin=JC2-39
Added Pin To Net: NetName=GND Pin=JC2-41
Added Pin To Net: NetName=LA20_P Pin=JC2-42
Added Pin To Net: NetName=LA19_P Pin=JC2-43
Added Pin To Net: NetName=LA20_N Pin=JC2-44
Added Pin To Net: NetName=LA19_N Pin=JC2-45
Added Pin To Net: NetName=GND Pin=JC2-46
Added Pin To Net: NetName=GND Pin=JC2-47
Added Pin To Net: NetName=LA22_P Pin=JC2-48
Added Pin To Net: NetName=LA21_P Pin=JC2-49
Added Pin To Net: NetName=LA22_N Pin=JC2-50
Added Pin To Net: NetName=LA21_N Pin=JC2-51
Added Pin To Net: NetName=GND Pin=JC2-52
Added Pin To Net: NetName=GND Pin=JC2-53
Added Pin To Net: NetName=LA25_P Pin=JC2-54
Added Pin To Net: NetName=LA24_P Pin=JC2-55
Added Pin To Net: NetName=LA25_N Pin=JC2-56
Added Pin To Net: NetName=LA24_N Pin=JC2-57
Added Pin To Net: NetName=GND Pin=JC2-59
Added Pin To Net: NetName=LA29_P Pin=JC2-60
Added Pin To Net: NetName=LA28_P Pin=JC2-61
Added Pin To Net: NetName=LA29_N Pin=JC2-62
Added Pin To Net: NetName=LA28_N Pin=JC2-63
Added Pin To Net: NetName=GND Pin=JC2-65
Added Pin To Net: NetName=LA31_P Pin=JC2-66
Added Pin To Net: NetName=LA30_P Pin=JC2-67
Added Pin To Net: NetName=LA31_N Pin=JC2-68
Added Pin To Net: NetName=LA30_N Pin=JC2-69
Added Pin To Net: NetName=GND Pin=JC2-70
Added Pin To Net: NetName=GND Pin=JC2-71
Added Pin To Net: NetName=LA32_P Pin=JC2-73
Added Pin To Net: NetName=GND Pin=JC2-74
Added Pin To Net: NetName=LA32_N Pin=JC2-75
Added Pin To Net: NetName=VDD_ADJ Pin=JC2-78
Added Pin To Net: NetName=VDD_ADJ Pin=JC2-79
Added Pin To Net: NetName=GND Pin=JC3-G6
Added Pin To Net: NetName=GND Pin=JC3-G7
Added Pin To Net: NetName=GND Pin=JC3-G36
Added Pin To Net: NetName=GND Pin=JC3-G37
Change Net Name : Old Net Name=GND New Net Name=LA00_CC_N
Added Rule: Name=Schematic Supply Nets_4
